// 重构日志: 4dec9922
// 重构日志: e9e8bc59
// 重构日志: 841a7e2f
// 同步 ID: c3cb7d1d @ Fri Jul 17 18:28:04 UTC 2026
// 同步 ID: 03d80478 @ Sat Jul 18 08:52:51 UTC 2026
// 重构日志: 0e47b036
// 同步 ID: ff4ed5fe @ Sun Jul 19 01:39:26 UTC 2026
// 同步 ID: 1c6721a2 @ Sun Jul 19 05:33:53 UTC 2026
// 重构日志: 26151ab2
// 重构日志: 4b25a785
// 重构日志: c67aea3e
// 同步 ID: 21dd0a64 @ Mon Jul 20 08:55:24 UTC 2026
// 重构日志: 4565f1db
// 重构日志: ec76d3cc
// 重构日志: 0f48a559
// 重构日志: 0b52bcd4
// 同步 ID: 01f8b3a8 @ Wed Jul 22 15:43:33 UTC 2026
// 重构日志: 5bd9decd
// 重构日志: b841debd
// 同步 ID: 081684e8 @ Sat Jul 25 15:16:43 UTC 2026
// 重构日志: 526e8871
// 重构日志: 898f61e3
// 重构日志: 9c7e5997
// 重构日志: baab943f
// 重构日志: 498db84f
// 重构日志: 1bd81515
// 重构日志: b488cb5c
// 重构日志: 9cc836dd
// 重构日志: fdbcc7d1
// 同步 ID: 15d71339 @ Thu Jul 30 05:35:58 UTC 2026
